find_2_largest_faces_in_center
  means: find face in center (1/4, 1/4, 1/2, 1/2), by area, largest first, at most 2
  plan f8a25c055b5e05b30b26050a5b47f1175cd13d40d31ac59295c47f0e86287255:
    v0 = input image
    v1 = select center (1/4, 1/4, 1/2, 1/2) of v0
    v2 = detect face_detection in v1
    v3 = restore v2 from v1 to input coordinates, clipped
    v4 = keep v3 with confidence >= min_confidence
    v5 = order v4 by area, largest first
    v6 = first 2 of v5
    v7 = first max_results of v6
    v8 = emit v7
  artifact c4c50db0ac478cd5d29dd379f916100a99d15aeebbf809179b82ba5e23d32f88: not built yet
// Generated by syrup-runtime 0.1.0 (codegen 3).
// intent: find red bar in bottom_third (0, 2/3, 1, 1/3), by area, largest first, at most 1
// plan: 47c485877e57b4a4d72fb71a92a887567702c463d43ee6c8a7d444f14fb8d17c
//   v0 = input image
//   v1 = select bottom_third (0, 2/3, 1, 1/3) of v0
//   v2 = find hue 340-20 deg (saturation >= 35%, value >= 30%) in v1: runs >= 8 px, regions >= 2 rows, gaps <= 2
//   v3 = restore v2 from v1 to input coordinates, clipped
//   v4 = keep v3 with confidence >= min_confidence
//   v5 = keep v4 at least 3x wider than tall
//   v6 = order v5 by area, largest first
//   v7 = first 1 of v6
//   v8 = first max_results of v7
//   v9 = emit v8

#![allow(dead_code, unused_variables)]
#![deny(unsafe_op_in_unsafe_fn)]

pub mod abi {
// Syrup operation ABI v3. Included by the host and pasted verbatim into every
// generated module, so both sides always agree. Bump SYRUP_ABI_VERSION when a
// type's layout or a function's meaning changes; new capability ids are not
// breaking, since hosts refuse ids they do not know.
//
// Views are borrowed for one call. Detections returned by `detect` belong to
// the host and stay valid only until the module's next call into the host.

pub const SYRUP_ABI_VERSION: u32 = 3;

pub const SYRUP_OK: i32 = 0;
pub const SYRUP_ERR_PROVIDER: i32 = 1;
pub const SYRUP_ERR_INPUT: i32 = 2;
pub const SYRUP_ERR_ABI: i32 = 3;
pub const SYRUP_ERR_PANIC: i32 = 4;
pub const SYRUP_ERR_EMIT: i32 = 5;

pub const SYRUP_CAP_FACE: u32 = 1;
pub const SYRUP_CAP_TEXT: u32 = 2;
pub const SYRUP_CAP_MOTION: u32 = 3;
pub const SYRUP_CAP_QR: u32 = 4;
pub const SYRUP_CAP_TEXT_BLOCKS: u32 = 5;
pub const SYRUP_CAP_PANELS: u32 = 6;

pub const SYRUP_MEASURE_SHARPNESS: u32 = 1;
pub const SYRUP_MEASURE_FILL: u32 = 2;

pub const SYRUP_MAX_KEYPOINTS: usize = 5;

#[repr(C)]
#[derive(Clone, Copy, Debug)]
pub struct SyrupImageView {
    pub data: *const u8,
    pub width: u32,
    pub height: u32,
    pub stride: usize,
    pub channels: u32,
}

#[repr(C)]
#[derive(Clone, Copy, Debug, PartialEq)]
pub struct SyrupDetection {
    pub x: f32,
    pub y: f32,
    pub w: f32,
    pub h: f32,
    pub score: f32,
    // Set by `measure`; meaningless before.
    pub value: f32,
    pub n_keypoints: u32,
    pub keypoints: [f32; 2 * SYRUP_MAX_KEYPOINTS],
    // Opaque to modules, passed through untouched.
    pub payload: u64,
}

#[repr(C)]
#[derive(Clone, Copy, Debug)]
pub struct SyrupParams {
    pub min_confidence: f32,
    // 0 means no cap.
    pub max_results: u32,
    // The host clips the region to the image before the call.
    pub has_region: u32,
    pub region_x: u32,
    pub region_y: u32,
    pub region_w: u32,
    pub region_h: u32,
}

pub type SyrupDetectFn = unsafe extern "C" fn(
    ctx: *mut core::ffi::c_void,
    capability: u32,
    view: *const SyrupImageView,
    out_ptr: *mut *const SyrupDetection,
    out_len: *mut usize,
) -> i32;

/// A horizontal run of pixels on row `y`, from `x0` to `x1` inclusive.
#[repr(C)]
#[derive(Clone, Copy, Debug, PartialEq, Eq)]
pub struct SyrupRun {
    pub y: u32,
    pub x0: u32,
    pub x1: u32,
}

#[repr(C)]
#[derive(Clone, Copy, Debug, PartialEq, Eq)]
pub struct SyrupRect {
    pub x: u32,
    pub y: u32,
    pub w: u32,
    pub h: u32,
}

/// Merge runs (in row order) into rectangles with the core's region
/// grouping. Rectangles are valid until the module's next host call.
pub type SyrupGroupFn = unsafe extern "C" fn(
    ctx: *mut core::ffi::c_void,
    runs: *const SyrupRun,
    n_runs: usize,
    min_height: u32,
    max_gap: u32,
    out_ptr: *mut *const SyrupRect,
    out_len: *mut usize,
) -> i32;

/// What to measure. Fill counts pixels of the hue range (degrees, wrapping
/// when `hue_lo` is larger) with the given saturation and value.
#[repr(C)]
#[derive(Clone, Copy, Debug, PartialEq, Eq)]
pub struct SyrupMeasure {
    pub kind: u32,
    pub hue_lo: u32,
    pub hue_hi: u32,
    pub min_saturation_pct: u32,
    pub min_value_pct: u32,
}

/// Writes one value per box (in `view`'s pixels) to `values`; NaN where the
/// quantity cannot be measured.
pub type SyrupMeasureFn = unsafe extern "C" fn(
    ctx: *mut core::ffi::c_void,
    what: *const SyrupMeasure,
    view: *const SyrupImageView,
    boxes: *const SyrupDetection,
    n_boxes: usize,
    values: *mut f32,
) -> i32;

pub type SyrupEmitFn =
    unsafe extern "C" fn(ctx: *mut core::ffi::c_void, detection: *const SyrupDetection) -> i32;

#[repr(C)]
pub struct SyrupHost {
    pub abi_version: u32,
    pub struct_size: u32,
    pub ctx: *mut core::ffi::c_void,
    pub detect: SyrupDetectFn,
    pub emit: SyrupEmitFn,
    pub group: SyrupGroupFn,
    pub measure: SyrupMeasureFn,
}

pub type SyrupRunFn = unsafe extern "C" fn(
    host: *const SyrupHost,
    input: *const SyrupImageView,
    params: *const SyrupParams,
) -> i32;
}

use abi::*;

const PLAN_HASH: &[u8] = b"47c485877e57b4a4d72fb71a92a887567702c463d43ee6c8a7d444f14fb8d17c\0";

#[unsafe(no_mangle)]
pub extern "C" fn syrup_op_abi_version() -> u32 {
    SYRUP_ABI_VERSION
}

#[unsafe(no_mangle)]
pub extern "C" fn syrup_op_plan_hash() -> *const u8 {
    PLAN_HASH.as_ptr()
}

#[unsafe(no_mangle)]
pub unsafe extern "C" fn syrup_op_run(
    host: *const SyrupHost,
    input: *const SyrupImageView,
    params: *const SyrupParams,
) -> i32 {
    if host.is_null() || input.is_null() || params.is_null() {
        return SYRUP_ERR_INPUT;
    }
    // SAFETY: the host passes pointers that stay valid for the whole call.
    let (host, input, params) = unsafe { (&*host, &*input, &*params) };
    if host.abi_version != SYRUP_ABI_VERSION
        || (host.struct_size as usize) < core::mem::size_of::<SyrupHost>()
    {
        return SYRUP_ERR_ABI;
    }
    match std::panic::catch_unwind(std::panic::AssertUnwindSafe(|| run(host, input, params))) {
        Ok(Ok(())) => SYRUP_OK,
        Ok(Err(status)) => status,
        Err(_) => SYRUP_ERR_PANIC,
    }
}

fn run(host: &SyrupHost, input: &SyrupImageView, params: &SyrupParams) -> Result<(), i32> {
    let v0 = input_window(input);
    let v1 = select_fixed(&v0, (0, 1), (2, 3), (1, 1), (1, 1));
    let v2 = find_color(host, &v1, matches_v2, 8, 2, 2)?;
    let v3 = restore(v2, &v1);
    let mut v4 = v3;
    v4.retain(|d| d.score >= params.min_confidence);
    let mut v5 = v4;
    v5.retain(|d| d.w >= 3_f32 * d.h);
    let mut v6 = v5;
    sort(&mut v6, |a, b| (b.w * b.h).total_cmp(&(a.w * a.h)).then_with(|| tie_break(a, b)));
    let mut v7 = v6;
    v7.truncate(1);
    let mut v8 = v7;
    if params.max_results > 0 {
        v8.truncate(params.max_results as usize);
    }
    for d in &v8 {
        emit(host, d)?;
    }
    Ok(())
}

#[derive(Clone, Copy)]
struct Window {
    view: SyrupImageView,
    x: u32,
    y: u32,
    // The whole input image, so pixel reads can be bounds-checked.
    base: *const u8,
    len: usize,
}

fn input_window(input: &SyrupImageView) -> Window {
    let len = match input.height {
        0 => 0,
        h => (h as usize - 1) * input.stride + input.width as usize * input.channels as usize,
    };
    Window {
        view: *input,
        x: 0,
        y: 0,
        base: input.data,
        len,
    }
}

fn sub_window(parent: &Window, x: u32, y: u32, w: u32, h: u32) -> Window {
    let offset = y as usize * parent.view.stride + x as usize * parent.view.channels as usize;
    Window {
        view: SyrupImageView {
            data: parent.view.data.wrapping_add(offset),
            width: w,
            height: h,
            stride: parent.view.stride,
            channels: parent.view.channels,
        },
        x: parent.x + x,
        y: parent.y + y,
        base: parent.base,
        len: parent.len,
    }
}

fn round_frac(num: u64, den: u64, extent: u32) -> u32 {
    ((2 * num * extent as u64 + den) / (2 * den)) as u32
}

fn select_fixed(parent: &Window, x0: (u64, u64), y0: (u64, u64), x1: (u64, u64), y1: (u64, u64)) -> Window {
    let (w, h) = (parent.view.width, parent.view.height);
    let left = round_frac(x0.0, x0.1, w);
    let top = round_frac(y0.0, y0.1, h);
    let right = round_frac(x1.0, x1.1, w);
    let bottom = round_frac(y1.0, y1.1, h);
    sub_window(parent, left, top, right - left, bottom - top)
}

// The same arithmetic as syrup::color::hsv_from_rgb, stopping early: the
// hue (a division) is only worked out for pixels saturated and bright
// enough to need it.
fn hue_if(r: u8, g: u8, b: u8, min_s: f32, min_v: f32) -> Option<f32> {
    let rf = r as f32 / 255.0;
    let gf = g as f32 / 255.0;
    let bf = b as f32 / 255.0;
    let max = rf.max(gf).max(bf);
    if max.clamp(0.0, 1.0) < min_v {
        return None;
    }
    let min = rf.min(gf).min(bf);
    let delta = max - min;
    let s = if max == 0.0 { 0.0 } else { delta / max };
    if s.clamp(0.0, 1.0) < min_s {
        return None;
    }
    let h = if delta == 0.0 {
        0.0
    } else if max == rf {
        60.0 * ((gf - bf) / delta % 6.0)
    } else if max == gf {
        60.0 * ((bf - rf) / delta + 2.0)
    } else {
        60.0 * ((rf - gf) / delta + 4.0)
    };
    Some(if h < 0.0 { h + 360.0 } else { h })
}

fn row(window: &Window, y: u32) -> Result<&[u8], i32> {
    let v = &window.view;
    let start = (v.data as usize).wrapping_sub(window.base as usize) + y as usize * v.stride;
    let len = v.width as usize * v.channels as usize;
    if start.checked_add(len).is_none_or(|end| end > window.len) {
        return Err(SYRUP_ERR_INPUT);
    }
    // SAFETY: the row lies inside the input image, which outlives the call.
    Ok(unsafe { core::slice::from_raw_parts(window.base.add(start), len) })
}

fn group(host: &SyrupHost, runs: &[SyrupRun], min_height: u32, max_gap: u32) -> Result<Vec<SyrupRect>, i32> {
    let mut ptr: *const SyrupRect = core::ptr::null();
    let mut len = 0usize;
    // SAFETY: the host reads `runs` during the call and owns what it returns.
    let status = unsafe {
        (host.group)(host.ctx, runs.as_ptr(), runs.len(), min_height, max_gap, &mut ptr, &mut len)
    };
    if status != SYRUP_OK {
        return Err(status);
    }
    if len == 0 {
        return Ok(Vec::new());
    }
    if ptr.is_null() {
        return Err(SYRUP_ERR_PROVIDER);
    }
    // SAFETY: valid until our next call into the host.
    Ok(unsafe { core::slice::from_raw_parts(ptr, len) }.to_vec())
}

fn find_color(
    host: &SyrupHost,
    window: &Window,
    matches: fn(u8, u8, u8, u8) -> bool,
    min_run: u32,
    min_height: u32,
    max_gap: u32,
) -> Result<Vec<SyrupDetection>, i32> {
    let (width, height) = (window.view.width, window.view.height);
    if width == 0 || height == 0 {
        return Ok(Vec::new());
    }
    let channels = window.view.channels as usize;
    let pixel = |p: &[u8]| match channels {
        1 => matches(p[0], p[0], p[0], 255),
        3 => matches(p[0], p[1], p[2], 255),
        _ => matches(p[0], p[1], p[2], p[3]),
    };
    let mut runs = Vec::new();
    for y in 0..height {
        let mut start = None;
        for (x, p) in row(window, y)?.chunks_exact(channels).enumerate() {
            let x = x as u32;
            match (pixel(p), start) {
                (true, None) => start = Some(x),
                (false, Some(s)) => {
                    if x - s >= min_run {
                        runs.push(SyrupRun { y, x0: s, x1: x - 1 });
                    }
                    start = None;
                }
                _ => {}
            }
        }
        if let Some(s) = start {
            if width - s >= min_run {
                runs.push(SyrupRun { y, x0: s, x1: width - 1 });
            }
        }
    }
    let mut out = Vec::new();
    for r in group(host, &runs, min_height, max_gap)? {
        let inside = r.w > 0
            && r.h > 0
            && r.x.checked_add(r.w).is_some_and(|e| e <= width)
            && r.y.checked_add(r.h).is_some_and(|e| e <= height);
        if !inside {
            return Err(SYRUP_ERR_PROVIDER);
        }
        let mut hits = 0u32;
        for y in r.y..r.y + r.h {
            let line = &row(window, y)?[r.x as usize * channels..(r.x + r.w) as usize * channels];
            for p in line.chunks_exact(channels) {
                hits += pixel(p) as u32;
            }
        }
        out.push(SyrupDetection {
            x: r.x as f32,
            y: r.y as f32,
            w: r.w as f32,
            h: r.h as f32,
            score: hits as f32 / (r.w * r.h) as f32,
            value: 0.0,
            n_keypoints: 0,
            keypoints: [0.0; 2 * SYRUP_MAX_KEYPOINTS],
            payload: 0,
        });
    }
    Ok(out)
}

fn restore(boxes: Vec<SyrupDetection>, window: &Window) -> Vec<SyrupDetection> {
    let left = window.x as f32;
    let top = window.y as f32;
    let right = (window.x + window.view.width) as f32;
    let bottom = (window.y + window.view.height) as f32;
    let mut out = Vec::with_capacity(boxes.len());
    for d in boxes {
        let x0 = (d.x + left).max(left).min(right);
        let y0 = (d.y + top).max(top).min(bottom);
        let x1 = (d.x + left + d.w).max(left).min(right);
        let y1 = (d.y + top + d.h).max(top).min(bottom);
        let (w, h) = (x1 - x0, y1 - y0);
        if !(w > 0.0 && h > 0.0) {
            continue;
        }
        let n = (d.n_keypoints as usize).min(SYRUP_MAX_KEYPOINTS);
        let mut keypoints = [0.0f32; 2 * SYRUP_MAX_KEYPOINTS];
        for k in 0..n {
            keypoints[2 * k] = (d.keypoints[2 * k] + left).max(left).min(right);
            keypoints[2 * k + 1] = (d.keypoints[2 * k + 1] + top).max(top).min(bottom);
        }
        out.push(SyrupDetection {
            x: x0,
            y: y0,
            w,
            h,
            score: d.score,
            value: d.value,
            n_keypoints: n as u32,
            keypoints,
            payload: d.payload,
        });
    }
    out
}

fn tie_break(a: &SyrupDetection, b: &SyrupDetection) -> core::cmp::Ordering {
    b.score
        .total_cmp(&a.score)
        .then(a.y.total_cmp(&b.y))
        .then(a.x.total_cmp(&b.x))
        .then(a.h.total_cmp(&b.h))
        .then(a.w.total_cmp(&b.w))
}

// A stable merge sort: the standard library's sort is far more code for
// rustc to optimise, and these lists are short.
fn sort(v: &mut Vec<SyrupDetection>, cmp: impl Fn(&SyrupDetection, &SyrupDetection) -> core::cmp::Ordering) {
    let n = v.len();
    let mut from = v.clone();
    let mut to = v.clone();
    let mut width = 1;
    while width < n {
        let mut start = 0;
        while start < n {
            let (mid, end) = ((start + width).min(n), (start + 2 * width).min(n));
            let (mut i, mut j, mut k) = (start, mid, start);
            while i < mid && j < end {
                // Take from the right run only when strictly smaller, so equal items keep their order.
                if cmp(&from[j], &from[i]) == core::cmp::Ordering::Less {
                    to[k] = from[j];
                    j += 1;
                } else {
                    to[k] = from[i];
                    i += 1;
                }
                k += 1;
            }
            to[k..k + mid - i].copy_from_slice(&from[i..mid]);
            k += mid - i;
            to[k..k + end - j].copy_from_slice(&from[j..end]);
            start = end;
        }
        core::mem::swap(&mut from, &mut to);
        width *= 2;
    }
    *v = from;
}

fn emit(host: &SyrupHost, d: &SyrupDetection) -> Result<(), i32> {
    // SAFETY: the host copies the detection before returning.
    match unsafe { (host.emit)(host.ctx, d) } {
        SYRUP_OK => Ok(()),
        status => Err(status),
    }
}

fn matches_v2(r: u8, g: u8, b: u8, a: u8) -> bool {
    a as f32 / 255.0 >= 0.5 && hue_if(r, g, b, 0.35, 0.3).is_some_and(|h| h >= 340.0 || h <= 20.0)
}
error: [resolve/ambiguous] find_best_face: best is ambiguous: best by what? Say largest, most_confident, leftmost, ...
exit 1
