    Updating crates.io index
 Downloading crates ...
  Downloaded adler2 v2.0.1
  Downloaded block-buffer v0.10.4
  Downloaded cast v0.3.0
  Downloaded anstyle v1.0.14
  Downloaded anyhow v1.0.104
  Downloaded anymap3 v1.1.0
  Downloaded async-signal v0.2.14
  Downloaded async-task v4.7.1
  Downloaded async-trait v0.1.92
  Downloaded blocking v1.7.0
  Downloaded byteorder v1.5.0
  Downloaded anes v0.1.6
  Downloaded bytemuck v1.25.2
  Downloaded borsh v1.8.1
  Downloaded bytes v1.12.1
  Downloaded aho-corasick v1.1.5
  Downloaded xattr v1.6.1
  Downloaded maplit v1.0.2
  Downloaded borsh-derive v1.8.1
  Downloaded num-complex v0.4.6
  Downloaded shlex v2.0.1
  Downloaded ciborium-io v0.2.2
  Downloaded rqrr v0.11.0
  Downloaded miniz_oxide v0.8.9
  Downloaded cc v1.5.1
  Downloaded exr v1.74.2
  Downloaded dyn-hash v1.0.0
  Downloaded clap_lex v1.1.0
  Downloaded getrandom v0.4.3
  Downloaded gif v0.13.3
  Downloaded libm v0.2.16
  Downloaded cfg-if v1.0.4
  Downloaded cpufeatures v0.2.17
  Downloaded fastrand v2.5.0
  Downloaded lazy_static v1.5.1
  Downloaded downcast-rs v2.0.2
  Downloaded float-ord v0.3.2
  Downloaded rayon v1.12.0
  Downloaded serde_json v1.0.151
  Downloaded x11rb v0.14.0
  Downloaded zbus v5.19.0
  Downloaded cfg_aliases v0.2.2
  Downloaded dyn-clone v1.0.20
  Downloaded errno v0.3.14
  Downloaded futures-io v0.3.34
  Downloaded half v2.7.1
  Downloaded ciborium v0.2.2
  Downloaded crossbeam-deque v0.8.7
  Downloaded enumflags2_derive v0.7.12
  Downloaded hex v0.4.3
  Downloaded ndarray v0.17.2
  Downloaded prost-derive v0.14.4
  Downloaded quote v1.0.47
  Downloaded serde_repr v0.1.21
  Downloaded toml_datetime v1.1.1+spec-1.1.0
  Downloaded x11rb-protocol v0.14.0
  Downloaded zvariant v5.15.0
  Downloaded async-broadcast v0.7.2
  Downloaded async-io v2.6.0
  Downloaded autocfg v1.5.1
  Downloaded cpufeatures v0.3.1
  Downloaded crossbeam-epoch v0.9.20
  Downloaded lebe v0.5.3
  Downloaded atomic-waker v1.1.2
  Downloaded either v1.17.0
  Downloaded find-msvc-tools v0.1.14
  Downloaded num-traits v0.2.19
  Downloaded proc-macro-crate v3.5.0
  Downloaded rand v0.10.3
  Downloaded regex v1.13.1
  Downloaded serde_derive v1.0.229
  Downloaded toml_edit v0.25.15+spec-1.1.0
  Downloaded toml_parser v1.1.3+spec-1.1.0
  Downloaded zbus_names v4.3.4
  Downloaded zcheapstr v1.1.0
  Downloaded zvariant_derive v5.15.0
  Downloaded async-recursion v1.1.1
  Downloaded crc32fast v1.5.0
  Downloaded event-listener-strategy v0.5.4
  Downloaded futures-core v0.3.34
  Downloaded g2gen v1.2.2
  Downloaded g2poly v1.2.2
  Downloaded itertools v0.15.0
  Downloaded ordered-stream v0.2.0
  Downloaded paste v1.0.15
  Downloaded slab v0.4.12
  Downloaded bit-set v0.11.1
  Downloaded is-terminal v0.4.17
  Downloaded bitflags v1.3.2
  Downloaded ciborium-ll v0.2.2
  Downloaded digest v0.10.7
  Downloaded enumflags2 v0.7.12
  Downloaded fdeflate v0.3.7
  Downloaded gethostname v1.1.0
  Downloaded bit_field v0.10.3
  Downloaded derive-new v0.7.0
  Downloaded plotters-svg v0.3.7
  Downloaded zmij v1.0.23
  Downloaded color_quant v1.1.0
  Downloaded erased-serde v0.4.10
  Downloaded foldhash v0.2.0
  Downloaded futures-lite v2.6.1
  Downloaded tract-data v0.23.8
  Downloaded unicode-ident v1.0.24
  Downloaded async-channel v2.5.0
  Downloaded pastey v0.2.3
  Downloaded pin-project-lite v0.2.17
  Downloaded scopeguard v1.2.0
  Downloaded tinytemplate v1.2.1
  Downloaded bitflags v2.13.1
  Downloaded hashbrown v0.16.1
  Downloaded reborrow v0.5.5
  Downloaded tracing-attributes v0.1.31
  Downloaded filetime v0.2.29
  Downloaded itoa v1.0.18
  Downloaded walkdir v2.5.0
  Downloaded crossbeam-utils v0.8.22
  Downloaded crypto-common v0.1.7
  Downloaded event-listener v5.4.2
  Downloaded oorandom v11.1.5
  Downloaded typeid v1.0.3
  Downloaded criterion-plot v0.5.0
  Downloaded endi v1.1.1
  Downloaded equivalent v1.0.2
  Downloaded g2p v1.2.2
  Downloaded generic-array v0.14.7
  Downloaded inventory v0.3.24
  Downloaded nom-language v0.1.0
  Downloaded pulp-wasm-simd-flag v0.1.1
  Downloaded rawpointer v0.2.1
  Downloaded same-file v1.0.6
  Downloaded tract-extra v0.23.8
  Downloaded tract-onnx-opl v0.23.8
  Downloaded transpose v0.2.3
  Downloaded async-lock v3.4.2
  Downloaded async-process v2.5.0
  Downloaded concurrent-queue v2.5.0
  Downloaded parking v2.2.1
  Downloaded plotters-backend v0.3.7
  Downloaded primal-check v0.3.4
  Downloaded smallvec v1.15.2
  Downloaded zbus_macros v5.19.0
  Downloaded bit-vec v0.10.1
  Downloaded chacha20 v0.10.2
  Downloaded libloading v0.9.0
  Downloaded lru v0.18.5
  Downloaded memo-map v0.3.4
  Downloaded rand_core v0.10.1
  Downloaded sha2 v0.10.9
  Downloaded signal-hook-registry v1.4.8
  Downloaded strength_reduce v0.2.4
  Downloaded weezl v0.1.12
  Downloaded zvariant_utils v4.2.0
  Downloaded async-executor v1.14.0
  Downloaded clap v4.6.6
  Downloaded criterion v0.5.1
  Downloaded memmap2 v0.9.11
  Downloaded num-integer v0.1.47
  Downloaded num-rational v0.4.2
  Downloaded piper v0.2.5
  Downloaded string-interner v0.20.0
  Downloaded tract-hir v0.23.8
  Downloaded uuid v1.26.1
  Downloaded clap_builder v4.6.6
  Downloaded flate2 v1.1.9
  Downloaded prost v0.14.4
  Downloaded simd-adler32 v0.3.10
  Downloaded tract-nnef v0.23.8
  Downloaded tract-transformers v0.23.8
  Downloaded typenum v1.20.1
  Downloaded zune-inflate v0.2.54
  Downloaded indexmap v2.14.2
  Downloaded lock_api v0.4.14
  Downloaded once_cell v1.21.4
  Downloaded parking_lot v0.12.5
  Downloaded parking_lot_core v0.9.12
  Downloaded tract-core v0.23.8
  Downloaded itertools v0.10.5
  Downloaded matrixmultiply v0.3.11
  Downloaded polling v3.11.0
  Downloaded proc-macro2 v1.0.107
  Downloaded qoi v0.4.1
  Downloaded qrcode v0.14.1
  Downloaded rayon-core v1.13.0
  Downloaded serde_core v1.0.229
  Downloaded tracing-core v0.1.36
  Downloaded log v0.4.34
  Downloaded tract-onnx v0.23.8
  Downloaded hashbrown v0.17.1
  Downloaded png v0.17.16
  Downloaded rand_distr v0.6.0
  Downloaded serde v1.0.229
  Downloaded tar v0.4.46
  Downloaded memchr v2.8.3
  Downloaded zerocopy-derive v0.8.56
  Downloaded num-bigint v0.4.8
  Downloaded pulp v0.22.3
  Downloaded nom v8.0.0
  Downloaded plotters v0.3.7
  Downloaded raw-cpuid v11.6.0
  Downloaded version_check v0.9.5
  Downloaded winnow v1.0.4
  Downloaded minijinja v2.24.0
  Downloaded syn v2.0.119
  Downloaded libc v0.2.189
  Downloaded zerocopy v0.8.56
  Downloaded regex-syntax v0.8.11
  Downloaded syn v3.0.3
  Downloaded rustfft v6.4.1
  Downloaded rustix v1.1.5
  Downloaded jpeg-decoder v0.3.2
  Downloaded tracing v0.1.44
  Downloaded regex-automata v0.4.18
  Downloaded tract-linalg v0.23.8
  Downloaded tiff v0.9.1
  Downloaded linux-raw-sys v0.12.1
  Downloaded image v0.24.9
   Compiling proc-macro2 v1.0.107
   Compiling quote v1.0.47
   Compiling unicode-ident v1.0.24
   Compiling autocfg v1.5.1
    Checking cfg-if v1.0.4
   Compiling libm v0.2.16
   Compiling libc v0.2.189
   Compiling num-traits v0.2.19
   Compiling syn v2.0.119
   Compiling syn v3.0.3
   Compiling serde_core v1.0.229
   Compiling serde v1.0.229
   Compiling zerocopy v0.8.56
   Compiling crossbeam-utils v0.8.22
    Checking bitflags v2.13.1
    Checking either v1.17.0
   Compiling rustix v1.1.5
    Checking bytemuck v1.25.2
    Checking linux-raw-sys v0.12.1
    Checking num-complex v0.4.6
    Checking pin-project-lite v0.2.17
    Checking memchr v2.8.3
    Checking simd-adler32 v0.3.10
    Checking smallvec v1.15.2
    Checking parking v2.2.1
   Compiling crossbeam-epoch v0.9.20
   Compiling version_check v0.9.5
   Compiling winnow v1.0.4
   Compiling crossbeam-deque v0.8.7
   Compiling equivalent v1.0.2
    Checking futures-core v0.3.34
   Compiling hashbrown v0.17.1
   Compiling rayon-core v1.13.0
   Compiling toml_parser v1.1.3+spec-1.1.0
   Compiling indexmap v2.14.2
   Compiling zmij v1.0.23
   Compiling toml_datetime v1.1.1+spec-1.1.0
    Checking byteorder v1.5.0
   Compiling toml_edit v0.25.15+spec-1.1.0
    Checking num-integer v0.1.47
    Checking futures-io v0.3.34
   Compiling serde_json v1.0.151
    Checking fastrand v2.5.0
   Compiling proc-macro-crate v3.5.0
    Checking event-listener v5.4.2
    Checking concurrent-queue v2.5.0
    Checking foldhash v0.2.0
   Compiling anyhow v1.0.104
    Checking itoa v1.0.18
    Checking event-listener-strategy v0.5.4
    Checking futures-lite v2.6.1
    Checking rayon v1.12.0
    Checking same-file v1.0.6
   Compiling crc32fast v1.5.0
    Checking adler2 v2.0.1
    Checking miniz_oxide v0.8.9
    Checking walkdir v2.5.0
   Compiling async-io v2.6.0
   Compiling matrixmultiply v0.3.11
   Compiling parking_lot_core v0.9.12
   Compiling paste v1.0.15
    Checking slab v0.4.12
    Checking polling v3.11.0
   Compiling pulp v0.22.3
    Checking errno v0.3.14
   Compiling shlex v2.0.1
   Compiling memo-map v0.3.4
    Checking rawpointer v0.2.1
    Checking async-task v4.7.1
   Compiling find-msvc-tools v0.1.14
    Checking scopeguard v1.2.0
    Checking once_cell v1.21.4
   Compiling endi v1.1.1
    Checking lock_api v0.4.14
   Compiling cc v1.5.1
    Checking signal-hook-registry v1.4.8
    Checking flate2 v1.1.9
    Checking async-channel v2.5.0
    Checking hashbrown v0.16.1
    Checking nom v8.0.0
   Compiling zerocopy-derive v0.8.56
   Compiling enumflags2_derive v0.7.12
    Checking raw-cpuid v11.6.0
   Compiling serde_derive v1.0.229
    Checking pulp-wasm-simd-flag v0.1.1
    Checking atomic-waker v1.1.2
    Checking weezl v0.1.12
   Compiling typeid v1.0.3
    Checking reborrow v0.5.5
    Checking piper v0.2.5
    Checking nom-language v0.1.0
   Compiling tracing-attributes v0.1.31
    Checking parking_lot v0.12.5
    Checking async-signal v0.2.14
    Checking ndarray v0.17.2
    Checking tracing-core v0.1.36
    Checking jpeg-decoder v0.3.2
    Checking async-lock v3.4.2
    Checking zune-inflate v0.2.54
    Checking fdeflate v0.3.7
    Checking itertools v0.15.0
    Checking bit_field v0.10.3
    Checking lazy_static v1.5.1
    Checking strength_reduce v0.2.4
    Checking maplit v1.0.2
    Checking color_quant v1.1.0
    Checking lebe v0.5.3
    Checking dyn-clone v1.0.20
   Compiling erased-serde v0.4.10
    Checking bitflags v1.3.2
    Checking dyn-hash v1.0.0
    Checking inventory v0.3.24
    Checking downcast-rs v2.0.2
    Checking png v0.17.16
    Checking gif v0.13.3
    Checking transpose v0.2.3
    Checking async-process v2.5.0
    Checking tiff v0.9.1
    Checking blocking v1.7.0
   Compiling serde_repr v0.1.21
    Checking half v2.7.1
    Checking exr v1.74.2
    Checking tracing v0.1.44
   Compiling async-trait v0.1.92
   Compiling zvariant_utils v4.2.0
   Compiling zcheapstr v1.1.0
   Compiling enumflags2 v0.7.12
   Compiling minijinja v2.24.0
    Checking string-interner v0.20.0
    Checking tract-data v0.23.8
   Compiling derive-new v0.7.0
   Compiling async-recursion v1.1.1
    Checking async-executor v1.14.0
   Compiling zvariant_derive v5.15.0
    Checking async-broadcast v0.7.2
    Checking primal-check v0.3.4
    Checking gethostname v1.1.0
    Checking ordered-stream v0.2.0
    Checking qoi v0.4.1
    Checking uuid v1.26.1
   Compiling pastey v0.2.3
    Checking hex v0.4.3
    Checking bit-vec v0.10.1
   Compiling zvariant v5.15.0
    Checking x11rb-protocol v0.14.0
    Checking zbus_names v4.3.4
    Checking log v0.4.34
    Checking bit-set v0.11.1
    Checking image v0.24.9
    Checking x11rb v0.14.0
   Compiling zbus_macros v5.19.0
    Checking rustfft v6.4.1
    Checking libloading v0.9.0
    Checking plotters-backend v0.3.7
    Checking ciborium-io v0.2.2
    Checking anstyle v1.0.14
    Checking anymap3 v1.1.0
    Checking clap_lex v1.1.0
    Checking regex-syntax v0.8.11
    Checking regex-automata v0.4.18
    Checking clap_builder v4.6.6
    Checking ciborium-ll v0.2.2
    Checking plotters-svg v0.3.7
    Checking xattr v1.6.1
   Compiling generic-array v0.14.7
    Checking itertools v0.10.5
    Checking filetime v0.2.29
    Checking rand_core v0.10.1
    Checking cast v0.3.0
   Compiling getrandom v0.4.3
    Checking criterion-plot v0.5.0
    Checking tar v0.4.46
    Checking clap v4.6.6
    Checking plotters v0.3.7
    Checking ciborium v0.2.2
    Checking regex v1.13.1
    Checking tinytemplate v1.2.1
    Checking is-terminal v0.4.17
    Checking cpufeatures v0.3.1
    Checking typenum v1.20.1
    Checking oorandom v11.1.5
    Checking anes v0.1.6
    Checking criterion v0.5.1
    Checking chacha20 v0.10.2
    Checking rand v0.10.3
   Compiling g2poly v1.2.2
   Compiling tract-linalg v0.23.8
   Compiling g2gen v1.2.2
   Compiling prost-derive v0.14.4
    Checking rand_distr v0.6.0
    Checking block-buffer v0.10.4
    Checking crypto-common v0.1.7
    Checking num-bigint v0.4.8
    Checking bytes v1.12.1
    Checking float-ord v0.3.2
    Checking g2p v1.2.2
    Checking num-rational v0.4.2
    Checking lru v0.18.5
    Checking digest v0.10.7
    Checking memmap2 v0.9.11
    Checking cpufeatures v0.2.17
   Compiling syrup-runtime v0.1.0 (/home/runner/work/syrup/syrup/crates/syrup-runtime)
    Checking sha2 v0.10.9
    Checking rqrr v0.11.0
    Checking qrcode v0.14.1
    Checking tract-core v0.23.8
    Checking zbus v5.19.0
    Checking prost v0.14.4
    Checking syrup v0.1.0 (/home/runner/work/syrup/syrup)
    Checking tract-nnef v0.23.8
    Checking tract-hir v0.23.8
    Checking tract-extra v0.23.8
    Checking tract-transformers v0.23.8
    Checking tract-onnx-opl v0.23.8
    Checking tract-onnx v0.23.8
    Finished `dev` profile [unoptimized + debuginfo] target(s) in 1m 28s
