    Updating crates.io index
 Downloading crates ...
  Downloaded adler2 v2.0.1
  Downloaded zvariant_derive v5.15.0
  Downloaded zvariant v5.15.0
  Downloaded ciborium-io v0.2.2
  Downloaded downcast-rs v2.0.2
  Downloaded enumflags2_derive v0.7.12
  Downloaded zvariant_utils v4.2.0
  Downloaded derive-new v0.7.0
  Downloaded gethostname v1.1.0
  Downloaded cpufeatures v0.2.17
  Downloaded hex v0.4.3
  Downloaded anymap3 v1.1.0
  Downloaded futures-task v0.3.34
  Downloaded futures-core v0.3.34
  Downloaded cfg_aliases v0.2.2
  Downloaded g2gen v1.2.2
  Downloaded zune-inflate v0.2.54
  Downloaded concurrent-queue v2.5.0
  Downloaded ciborium-ll v0.2.2
  Downloaded bit_field v0.10.3
  Downloaded cast v0.3.0
  Downloaded cpufeatures v0.3.1
  Downloaded futures-io v0.3.34
  Downloaded inventory v0.3.24
  Downloaded atomic-waker v1.1.2
  Downloaded itoa v1.0.18
  Downloaded float-ord v0.3.2
  Downloaded dyn-hash v1.0.0
  Downloaded generic-array v0.14.7
  Downloaded crypto-common v0.1.7
  Downloaded endi v1.1.1
  Downloaded errno v0.3.14
  Downloaded g2poly v1.2.2
  Downloaded block-buffer v0.10.4
  Downloaded equivalent v1.0.2
  Downloaded dyn-clone v1.0.20
  Downloaded cfg-if v1.0.4
  Downloaded clap_lex v1.1.0
  Downloaded color_quant v1.1.0
  Downloaded crunchy v0.2.4
  Downloaded memoffset v0.9.1
  Downloaded lazy_static v1.5.1
  Downloaded async-recursion v1.1.1
  Downloaded async-trait v0.1.92
  Downloaded byteorder v1.5.0
  Downloaded crossbeam-deque v0.8.7
  Downloaded maplit v1.0.2
  Downloaded windows-numerics v0.2.0
  Downloaded zcheapstr v1.1.0
  Downloaded is-terminal v0.4.17
  Downloaded fdeflate v0.3.7
  Downloaded async-signal v0.2.14
  Downloaded async-channel v2.5.0
  Downloaded block2 v0.6.2
  Downloaded borsh-derive v1.8.1
  Downloaded crossbeam-utils v0.8.22
  Downloaded proc-macro-crate v3.5.0
  Downloaded anstyle v1.0.14
  Downloaded event-listener-strategy v0.5.4
  Downloaded bit-vec v0.10.1
  Downloaded erased-serde v0.4.10
  Downloaded autocfg v1.5.1
  Downloaded anes v0.1.6
  Downloaded bitflags v1.3.2
  Downloaded transpose v0.2.3
  Downloaded async-broadcast v0.7.2
  Downloaded bit-set v0.11.1
  Downloaded fastrand v2.5.0
  Downloaded filetime v0.2.29
  Downloaded async-executor v1.14.0
  Downloaded criterion-plot v0.5.0
  Downloaded enumflags2 v0.7.12
  Downloaded lebe v0.5.3
  Downloaded hermit-abi v0.5.2
  Downloaded nom-language v0.1.0
  Downloaded async-process v2.5.0
  Downloaded either v1.17.0
  Downloaded foldhash v0.2.0
  Downloaded anyhow v1.0.104
  Downloaded ciborium v0.2.2
  Downloaded crc32fast v1.5.0
  Downloaded async-task v4.7.1
  Downloaded gif v0.13.3
  Downloaded crossbeam-epoch v0.9.20
  Downloaded quote v1.0.47
  Downloaded digest v0.10.7
  Downloaded async-lock v3.4.2
  Downloaded find-msvc-tools v0.1.14
  Downloaded futures-lite v2.6.1
  Downloaded chacha20 v0.10.2
  Downloaded half v2.7.1
  Downloaded simd-adler32 v0.3.10
  Downloaded tempfile v3.27.0
  Downloaded async-io v2.6.0
  Downloaded blocking v1.7.0
  Downloaded clap v4.6.6
  Downloaded dispatch2 v0.3.1
  Downloaded getrandom v0.4.3
  Downloaded bytemuck v1.25.2
  Downloaded parking v2.2.1
  Downloaded g2p v1.2.2
  Downloaded tract-extra v0.23.8
  Downloaded indexmap v2.14.2
  Downloaded string-interner v0.20.0
  Downloaded windows-collections v0.2.0
  Downloaded windows-result v0.3.4
  Downloaded xattr v1.6.1
  Downloaded toml_edit v0.25.15+spec-1.1.0
  Downloaded event-listener v5.4.2
  Downloaded polling v3.11.0
  Downloaded bytes v1.12.1
  Downloaded bitflags v2.13.1
  Downloaded toml_parser v1.1.3+spec-1.1.0
  Downloaded rand_core v0.10.1
  Downloaded prost v0.14.4
  Downloaded rand_distr v0.6.0
  Downloaded rayon-core v1.13.0
  Downloaded borsh v1.8.1
  Downloaded flate2 v1.1.9
  Downloaded proc-macro2 v1.0.107
  Downloaded pulp-wasm-simd-flag v0.1.1
  Downloaded serde_core v1.0.229
  Downloaded sha2 v0.10.9
  Downloaded bumpalo v3.20.3
  Downloaded same-file v1.0.6
  Downloaded wasm-bindgen-macro v0.2.127
  Downloaded windows-link v0.1.3
  Downloaded windows-link v0.2.1
  Downloaded cc v1.5.1
  Downloaded serde v1.0.229
  Downloaded typeid v1.0.3
  Downloaded version_check v0.9.5
  Downloaded winapi-util v0.1.11
  Downloaded windows-implement v0.60.2
  Downloaded windows-interface v0.59.3
  Downloaded primal-check v0.3.4
  Downloaded criterion v0.5.1
  Downloaded plotters-backend v0.3.7
  Downloaded qoi v0.4.1
  Downloaded rawpointer v0.2.1
  Downloaded prost-derive v0.14.4
  Downloaded plotters-svg v0.3.7
  Downloaded hashbrown v0.16.1
  Downloaded hashbrown v0.17.1
  Downloaded r-efi v6.0.0
  Downloaded serde_derive v1.0.229
  Downloaded windows-strings v0.4.2
  Downloaded png v0.17.16
  Downloaded qrcode v0.14.1
  Downloaded raw-cpuid v11.6.0
  Downloaded reborrow v0.5.5
  Downloaded tar v0.4.46
  Downloaded plotters v0.3.7
  Downloaded portable-atomic-util v0.2.8
  Downloaded aho-corasick v1.1.5
  Downloaded futures-util v0.3.34
  Downloaded serde_repr v0.1.21
  Downloaded shlex v2.0.1
  Downloaded clap_builder v4.6.6
  Downloaded slab v0.4.12
  Downloaded redox_syscall v0.5.18
  Downloaded strength_reduce v0.2.4
  Downloaded toml_datetime v1.1.1+spec-1.1.0
  Downloaded rand v0.10.3
  Downloaded regex v1.13.1
  Downloaded zmij v1.0.23
  Downloaded pastey v0.2.3
  Downloaded uds_windows v1.2.1
  Downloaded oorandom v11.1.5
  Downloaded objc2-io-surface v0.3.2
  Downloaded lru v0.18.5
  Downloaded objc2-encode v4.1.0
  Downloaded scopeguard v1.2.0
  Downloaded ordered-stream v0.2.0
  Downloaded paste v1.0.15
  Downloaded piper v0.2.5
  Downloaded zbus_names v4.3.4
  Downloaded num-complex v0.4.6
  Downloaded num-integer v0.1.47
  Downloaded wasm-bindgen-shared v0.2.127
  Downloaded pulp v0.22.3
  Downloaded exr v1.74.2
  Downloaded portable-atomic v1.15.0
  Downloaded serde_json v1.0.151
  Downloaded rayon v1.12.0
  Downloaded syn v2.0.119
  Downloaded rustfft v6.4.1
  Downloaded rustix v1.1.5
  Downloaded regex-syntax v0.8.11
  Downloaded memo-map v0.3.4
  Downloaded walkdir v2.5.0
  Downloaded windows-future v0.2.1
  Downloaded zbus_macros v5.19.0
  Downloaded lock_api v0.4.14
  Downloaded parking_lot v0.12.5
  Downloaded parking_lot_core v0.9.12
  Downloaded pin-project-lite v0.2.17
  Downloaded once_cell v1.21.4
  Downloaded objc2-screen-capture-kit v0.3.2
  Downloaded tract-onnx-opl v0.23.8
  Downloaded windows-threading v0.1.0
  Downloaded libloading v0.9.0
  Downloaded memmap2 v0.9.11
  Downloaded tracing v0.1.44
  Downloaded regex-automata v0.4.18
  Downloaded tiff v0.9.1
  Downloaded windows-core v0.61.2
  Downloaded rustversion v1.0.23
  Downloaded signal-hook-registry v1.4.8
  Downloaded tinytemplate v1.2.1
  Downloaded weezl v0.1.12
  Downloaded num-rational v0.4.2
  Downloaded matrixmultiply v0.3.11
  Downloaded num-traits v0.2.19
  Downloaded smallvec v1.15.2
  Downloaded tracing-attributes v0.1.31
  Downloaded unicode-ident v1.0.24
  Downloaded rqrr v0.11.0
  Downloaded tract-hir v0.23.8
  Downloaded log v0.4.34
  Downloaded miniz_oxide v0.8.9
  Downloaded wasm-bindgen v0.2.127
  Downloaded uuid v1.26.1
  Downloaded objc2-core-graphics v0.3.2
  Downloaded tracing-core v0.1.36
  Downloaded tract-data v0.23.8
  Downloaded wasm-bindgen-macro-support v0.2.127
  Downloaded tract-transformers v0.23.8
  Downloaded tract-nnef v0.23.8
  Downloaded num-bigint v0.4.8
  Downloaded js-sys v0.3.104
  Downloaded typenum v1.20.1
  Downloaded itertools v0.10.5
  Downloaded memchr v2.8.3
  Downloaded zerocopy-derive v0.8.56
  Downloaded nom v8.0.0
  Downloaded image v0.24.9
  Downloaded tract-onnx v0.23.8
  Downloaded libm v0.2.16
  Downloaded objc2-core-foundation v0.3.2
  Downloaded itertools v0.15.0
  Downloaded zbus v5.19.0
  Downloaded minijinja v2.24.0
  Downloaded winnow v1.0.4
  Downloaded x11rb v0.14.0
  Downloaded ndarray v0.17.2
  Downloaded objc2-metal v0.3.2
  Downloaded zerocopy v0.8.56
  Downloaded objc2 v0.6.4
  Downloaded tract-core v0.23.8
  Downloaded objc2-foundation v0.3.2
  Downloaded syn v3.0.3
  Downloaded x11rb-protocol v0.14.0
  Downloaded web-sys v0.3.104
  Downloaded jpeg-decoder v0.3.2
  Downloaded libc v0.2.189
  Downloaded tract-linalg v0.23.8
  Downloaded linux-raw-sys v0.12.1
  Downloaded windows-sys v0.61.2
  Downloaded windows v0.61.3
    Updating crates.io index
 Downloading crates ...
  Downloaded cfg-if v1.0.5
  Downloaded bitflags v2.13.2
  Downloaded crc32fast v1.5.2
  Downloaded crossbeam-epoch v0.9.21
  Downloaded crossbeam-deque v0.8.8
  Downloaded pyo3-macros v0.29.3
  Downloaded wasm-bindgen-shared v0.2.129
  Downloaded either v1.18.0
  Downloaded target-lexicon v0.13.5
  Downloaded wasm-bindgen-macro v0.2.129
  Downloaded heck v0.5.0
  Downloaded smallvec v1.16.2
  Downloaded hermit-abi v0.5.3
  Downloaded crossbeam-utils v0.8.23
  Downloaded unicode-ident v1.0.26
  Downloaded pyo3-build-config v0.29.3
  Downloaded miniz_oxide v0.9.1
  Downloaded wasm-bindgen v0.2.129
  Downloaded pyo3-macros-backend v0.29.3
  Downloaded pyo3-ffi v0.29.3
  Downloaded flate2 v1.1.10
  Downloaded itertools v0.14.0
  Downloaded js-sys v0.3.106
  Downloaded wasm-bindgen-macro-support v0.2.129
  Downloaded zerocopy-derive v0.8.59
  Downloaded zlib-rs v0.6.8
  Downloaded syn v3.0.6
  Downloaded zerocopy v0.8.59
  Downloaded pyo3 v0.29.3
    Updating crates.io index
     Locking 90 packages to highest Rust 1.99.0 compatible versions
      Adding async-broadcast v0.7.2
      Adding async-channel v2.5.0
      Adding async-executor v1.14.0
      Adding async-io v2.6.0
      Adding async-lock v3.4.2
      Adding async-process v2.5.0
      Adding async-recursion v1.1.1
      Adding async-signal v0.2.14
      Adding async-task v4.7.1
      Adding async-trait v0.1.92
      Adding atomic-waker v1.1.2
      Adding block2 v0.6.2
      Adding blocking v1.7.0
      Adding bumpalo v3.20.3
      Adding concurrent-queue v2.5.0
      Adding dispatch2 v0.3.1
      Adding endi v1.1.1
      Adding enumflags2 v0.7.12
      Adding enumflags2_derive v0.7.12
      Adding equivalent v1.0.2
      Adding errno v0.3.14
      Adding event-listener v5.4.2
      Adding event-listener-strategy v0.5.4
      Adding fastrand v2.5.0
      Adding futures-core v0.3.34
      Adding futures-io v0.3.34
      Adding futures-lite v2.6.1
      Adding futures-task v0.3.34
      Adding futures-util v0.3.34
      Adding gethostname v1.1.0
      Adding getrandom v0.4.3
      Adding hashbrown v0.17.1
      Adding hermit-abi v0.5.3
      Adding hex v0.4.3
      Adding indexmap v2.14.2
      Adding js-sys v0.3.106
      Adding libc v0.2.189
    Updating libloading v0.8.9 -> v0.9.0
      Adding linux-raw-sys v0.12.1
      Adding memchr v2.8.3
      Adding memoffset v0.9.1
      Adding objc2 v0.6.4
      Adding objc2-core-foundation v0.3.2
      Adding objc2-core-graphics v0.3.2
      Adding objc2-encode v4.1.0
      Adding objc2-foundation v0.3.2
      Adding objc2-io-surface v0.3.2
      Adding objc2-metal v0.3.2
      Adding objc2-screen-capture-kit v0.3.2
      Adding once_cell v1.21.4
      Adding ordered-stream v0.2.0
      Adding parking v2.2.1
      Adding pin-project-lite v0.2.17
      Adding piper v0.2.5
      Adding polling v3.11.0
      Adding proc-macro-crate v3.5.0
      Adding r-efi v6.0.0
      Adding rustix v1.1.5
      Adding rustversion v1.0.23
      Adding serde v1.0.229
      Adding serde_core v1.0.229
      Adding serde_derive v1.0.229
      Adding serde_repr v0.1.21
      Adding signal-hook-registry v1.4.8
      Adding slab v0.4.12
      Adding syn v3.0.6
      Adding tempfile v3.27.0
      Adding toml_datetime v1.1.1+spec-1.1.0
      Adding toml_edit v0.25.15+spec-1.1.0
      Adding toml_parser v1.1.3+spec-1.1.0
      Adding tracing v0.1.44
      Adding tracing-attributes v0.1.31
      Adding tracing-core v0.1.36
      Adding uds_windows v1.2.1
      Adding uuid v1.26.1
      Adding wasm-bindgen v0.2.129
      Adding wasm-bindgen-macro v0.2.129
      Adding wasm-bindgen-macro-support v0.2.129
      Adding wasm-bindgen-shared v0.2.129
      Adding windows-sys v0.61.2
      Adding winnow v1.0.4
      Adding x11rb v0.14.0
      Adding x11rb-protocol v0.14.0
      Adding zbus v5.19.0
      Adding zbus_macros v5.19.0
      Adding zbus_names v4.3.4
      Adding zcheapstr v1.1.0
      Adding zvariant v5.15.0
      Adding zvariant_derive v5.15.0
      Adding zvariant_utils v4.2.0
 Downloading crates ...
  Downloaded zerocopy-derive v0.8.55
  Downloaded zerocopy v0.8.55
 M example/minesweeper-coach/Cargo.lock
 example/minesweeper-coach/Cargo.lock | 935 ++++++++++++++++++++++++++++++++++-
 1 file changed, 930 insertions(+), 5 deletions(-)
